1786454963838 198 1786454963
1786454964215 12466 1786454963
1786454964548 12466 1786454963
1786454964833 12466 1786454963
1786454965144 12466 1786454963
1786454965505 12592 1786454965
1786454965745 12592 1786454965
1786454965994 12592 1786454965
1786454966350 12592 1786454965
1786454966682 12592 1786454965
1786454967055 12592 1786454965
1786454967344 12592 1786454965
1786454967579 12592 1786454965
1786454967874 16467 1786454967
1786454968151 16467 1786454967
1786454968467 16467 1786454967
1786454968842 16467 1786454967
1786454969203 16467 1786454967
1786454969512 16467 1786454967
1786454969800 16467 1786454967
1786454970044 16467 1786454967
1786454970415 16467 1786454967
1786454970779 16467 1786454967
1786454971151 16467 1786454967
1786454971470 16467 1786454967
1786454971783 16467 1786454967
1786454972082 16467 1786454967
1786454972451 17174 1786454972
1786454972827 17174 1786454972
1786454973200 17174 1786454972
1786454973571 17174 1786454972
1786454973940 17174 1786454972
1786454974287 17174 1786454972
1786454974501 17174 1786454972
1786454974720 17174 1786454972
1786454974941 17174 1786454972
1786454975154 17174 1786454972
1786454975480 17693 1786454975
1786454975713 21911 1786454975
1786454976075 21911 1786454975
1786454976313 21911 1786454975
1786454976547 21911 1786454975
1786454976837 21911 1786454975
1786454977207 21911 1786454975
1786454977571 21911 1786454975
1786454977808 21911 1786454975
1786454978065 21911 1786454975
1786454978383 21911 1786454975
1786454978747 21911 1786454975
1786454978960 21911 1786454975
1786454979261 21911 1786454975
1786454979496 21911 1786454975
1786454979723 21911 1786454975
1786454979947 21911 1786454975
1786454980311 21911 1786454975
1786454980538 21911 1786454975
1786454980843 21911 1786454975
1786454981216 21911 1786454975
1786454981592 21911 1786454975
1786454981831 21911 1786454975
1786454982113 21911 1786454975
1786454982431 21911 1786454975
1786454982682 21911 1786454975
1786454983019 21911 1786454975
1786454983392 21911 1786454975
1786454983637 21911 1786454975
1786454984016 21911 1786454975
1786454984388 21911 1786454975
1786454984656 21911 1786454975
1786454984974 21911 1786454975
1786454985212 21911 1786454975
1786454985468 21911 1786454975
1786454985751 21911 1786454975
1786454986021 21911 1786454975
1786454986389 21911 1786454975
1786454986624 21911 1786454975
1786454986992 21911 1786454975
1786454987364 21911 1786454975
1786454987599 21911 1786454975
1786454987866 21911 1786454975
1786454988102 21911 1786454975
1786454988393 21911 1786454975
1786454988623 21911 1786454975
1786454988924 21911 1786454975
1786454989299 21911 1786454975
1786454989594 21911 1786454975
1786454989971 21911 1786454975
1786454990335 21911 1786454975
1786454990633 21911 1786454975
1786454991006 21911 1786454975
1786454991235 21911 1786454975
1786454991454 21911 1786454975
1786454991685 21911 1786454975
1786454992058 21911 1786454975
1786454992436 21911 1786454975
1786454992789 21911 1786454975
1786454993084 21911 1786454975
1786454993457 21911 1786454975
1786454993823 21911 1786454975
1786454994076 21911 1786454975
1786454994390 21911 1786454975
1786454994623 21911 1786454975
1786454994974 21911 1786454975
1786454995350 21911 1786454975
1786454995671 21911 1786454975
1786454995935 21911 1786454975
1786454996306 21911 1786454975
1786454996668 21911 1786454975
1786454996912 21911 1786454975
1786454997255 21911 1786454975
1786454997580 21911 1786454975
1786454997943 21911 1786454975
1786454998269 21911 1786454975
1786454998552 21911 1786454975
1786454998926 21911 1786454975
1786454999256 21911 1786454975
1786454999488 21911 1786454975
1786454999768 21911 1786454975
1786455000101 21911 1786454975
1786455000316 21911 1786454975
1786455000630 21911 1786454975
1786455000857 21911 1786454975
1786455001070 21911 1786454975
1786455001422 21911 1786454975
1786455001669 21911 1786454975
1786455001939 21911 1786454975
1786455002308 21911 1786454975
1786455002681 21911 1786454975
1786455003055 21911 1786454975
1786455003429 21911 1786454975
1786455003644 21911 1786454975
1786455004000 21911 1786454975
1786455004320 21911 1786454975
1786455004547 21911 1786454975
1786455004897 21911 1786454975
1786455005260 21911 1786454975
1786455005514 21911 1786454975
1786455005759 21911 1786454975
1786455006034 21911 1786454975
1786455006406 21911 1786454975
1786455006762 21911 1786454975
1786455006989 21911 1786454975
1786455007355 21911 1786454975
1786455007712 21911 1786454975
1786455007943 21911 1786454975
1786455008312 21911 1786454975
1786455008677 21911 1786454975
1786455008944 21911 1786454975
1786455009196 21911 1786454975
1786455009544 21911 1786454975
1786455009786 21911 1786454975
1786455010022 21911 1786454975
1786455010371 21911 1786454975
1786455010678 21911 1786454975
1786455010970 21911 1786454975
1786455011342 21911 1786454975
1786455011648 21911 1786454975
1786455012024 21911 1786454975
1786455012275 21911 1786454975
1786455012628 21911 1786454975
1786455013054 21911 1786454975
1786455013408 21911 1786454975
1786455013668 21911 1786454975
1786455013916 21911 1786454975
1786455014282 21911 1786454975
1786455014536 21911 1786454975
1786455014787 21911 1786454975
1786455015119 21911 1786454975
1786455015423 21911 1786454975
1786455015780 21911 1786454975
1786455016066 21911 1786454975
1786455016375 21911 1786454975
1786455016637 21911 1786454975
1786455016935 21911 1786454975
1786455017286 21911 1786454975
1786455017544 21911 1786454975
1786455017787 21911 1786454975
1786455018111 21911 1786454975
1786455018484 21911 1786454975
1786455018847 21911 1786454975
1786455019092 21911 1786454975
1786455019416 21911 1786454975
1786455019676 21911 1786454975
1786455019989 21911 1786454975
1786455020340 21911 1786454975
1786455020607 21911 1786454975
1786455020952 21911 1786454975
1786455021263 21911 1786454975
1786455021621 21911 1786454975
1786455021915 21911 1786454975
1786455022141 21911 1786454975
1786455022510 21911 1786454975
1786455022879 21911 1786454975
1786455023247 21911 1786454975
1786455023621 21911 1786454975
1786455024139 21911 1786454975
1786455024507 21911 1786454975
1786455024876 21911 1786454975
1786455025246 21911 1786454975
1786455025610 21911 1786454975
1786455025967 21911 1786454975
1786455026200 21911 1786454975
1786455026538 21911 1786454975
1786455026899 21911 1786454975
1786455027259 21911 1786454975
1786455027514 21911 1786454975
1786455027741 21911 1786454975
1786455027963 21911 1786454975
1786455028266 21911 1786454975
1786455028641 21911 1786454975
1786455028959 21911 1786454975
1786455029329 21911 1786454975
1786455029699 21911 1786454975
1786455030029 21911 1786454975
1786455030396 21911 1786454975
1786455030650 21911 1786454975
1786455031012 21911 1786454975
1786455031364 21911 1786454975
1786455031623 21911 1786454975
1786455031965 21911 1786454975
1786455032324 21911 1786454975
1786455032660 21911 1786454975
1786455033005 21911 1786454975
1786455033359 21911 1786454975
1786455033602 21911 1786454975
1786455033871 21911 1786454975
1786455034104 21911 1786454975
1786455034339 21911 1786454975
1786455034620 21911 1786454975
1786455034879 21911 1786454975
1786455035118 21911 1786454975
1786455035450 21911 1786454975
1786455035827 21911 1786454975
1786455036215 21911 1786454975
1786455036599 21911 1786454975
1786455036975 21911 1786454975
1786455037345 21911 1786454975
1786455037605 21911 1786454975
1786455037852 21911 1786454975
1786455038195 21911 1786454975
1786455038589 21911 1786454975
1786455038961 21911 1786454975
1786455039343 21911 1786454975
1786455039730 21911 1786454975
1786455040093 21911 1786454975
1786455040336 21911 1786454975
1786455040699 21911 1786454975
1786455040937 21911 1786454975
1786455041311 21911 1786454975
1786455041637 21911 1786454975
1786455041857 21911 1786454975
1786455042181 21911 1786454975
1786455042457 21911 1786454975
1786455042715 21911 1786454975
1786455043081 21911 1786454975
1786455043441 21911 1786454975
1786455043695 21911 1786454975
1786455044019 21911 1786454975
1786455044233 21911 1786454975
1786455044520 21911 1786454975
1786455044875 21911 1786454975
1786455045095 21911 1786454975
1786455045423 21911 1786454975
1786455045636 21911 1786454975
1786455045913 21911 1786454975
1786455046143 21911 1786454975
1786455046400 21911 1786454975
1786455046758 21911 1786454975
1786455047023 21911 1786454975
1786455047278 21911 1786454975
1786455047641 21911 1786454975
1786455047964 21911 1786454975
1786455048337 21911 1786454975
1786455048695 21911 1786454975
1786455049012 21911 1786454975
1786455049239 21911 1786454975
1786455049543 21911 1786454975
1786455049819 21911 1786454975
1786455050117 21911 1786454975
1786455050341 21911 1786454975
1786455050703 21911 1786454975
1786455051020 21911 1786454975
1786455051392 21911 1786454975
1786455051670 21911 1786454975
1786455052042 21911 1786454975
1786455052419 21911 1786454975
1786455052787 21911 1786454975
1786455053094 21911 1786454975
1786455053468 21911 1786454975
1786455053839 21911 1786454975
1786455054210 21911 1786454975
1786455054433 21911 1786454975
1786455054666 21911 1786454975
1786455055043 21911 1786454975
1786455055407 21911 1786454975
1786455055779 21911 1786454975
1786455056146 21911 1786454975
1786455056473 21911 1786454975
1786455056835 21911 1786454975
1786455057177 21911 1786454975
1786455057541 21911 1786454975
1786455057784 21911 1786454975
1786455058024 21911 1786454975
1786455058379 21911 1786454975
1786455058738 21911 1786454975
1786455058988 21911 1786454975
1786455059224 21911 1786454975
1786455059502 21911 1786454975
1786455059862 21911 1786454975
1786455060119 21911 1786454975
1786455060487 21911 1786454975
1786455060865 21911 1786454975
1786455061223 21911 1786454975
1786455061586 21911 1786454975
1786455061893 21911 1786454975
1786455062204 21911 1786454975
1786455062579 21911 1786454975
1786455062953 21911 1786454975
1786455063331 21911 1786454975
1786455063568 21911 1786454975
1786455063944 21911 1786454975
1786455064316 21911 1786454975
1786455064686 21911 1786454975
1786455065017 21911 1786454975
1786455065331 21911 1786454975
1786455065643 21911 1786454975
1786455065996 21911 1786454975
1786455066369 21911 1786454975
1786455066622 21911 1786454975
1786455066990 21911 1786454975
1786455067326 21911 1786454975
1786455067702 21911 1786454975
1786455067996 21911 1786454975
1786455068363 21911 1786454975
1786455068584 21911 1786454975
1786455068943 21911 1786454975
1786455069318 21911 1786454975
1786455069672 21911 1786454975
1786455070019 21911 1786454975
1786455070319 21911 1786454975
1786455070692 21911 1786454975
1786455070998 21911 1786454975
1786455071293 21911 1786454975
1786455071566 21911 1786454975
1786455071797 21911 1786454975
1786455072170 21911 1786454975
1786455072544 21911 1786454975
1786455072920 21911 1786454975
1786455073284 21911 1786454975
1786455073653 21911 1786454975
1786455074021 21911 1786454975
1786455074386 21911 1786454975
1786455074756 21911 1786454975
1786455075005 21911 1786454975
1786455075238 21911 1786454975
1786455075610 21911 1786454975
1786455075982 21911 1786454975
1786455076343 21911 1786454975
1786455076576 21911 1786454975
1786455076931 21911 1786454975
1786455077263 21911 1786454975
1786455077637 21911 1786454975
1786455077997 21911 1786454975
1786455078274 21911 1786454975
1786455078561 21911 1786454975
1786455078842 21911 1786454975
1786455079218 21911 1786454975
1786455079594 21911 1786454975
1786455079908 21911 1786454975
1786455080274 21911 1786454975
1786455080643 21911 1786454975
1786455081020 21911 1786454975
1786455081391 21911 1786454975
1786455081727 21911 1786454975
1786455082050 21911 1786454975
1786455082425 21911 1786454975
1786455082799 21911 1786454975
1786455083168 21911 1786454975
1786455083538 21911 1786454975
1786455083905 21911 1786454975
1786455084286 21911 1786454975
1786455084636 21911 1786454975
1786455085010 21911 1786454975
1786455085247 21911 1786454975
1786455085624 21911 1786454975
1786455085913 21911 1786454975
1786455086270 21911 1786454975
1786455086623 21911 1786454975
1786455087001 21911 1786454975
1786455087380 21911 1786454975
1786455087708 21911 1786454975
1786455087944 21911 1786454975
1786455088173 21911 1786454975
1786455088542 21911 1786454975
1786455088918 21911 1786454975
1786455089187 21911 1786454975
1786455089550 21911 1786454975
1786455089925 21911 1786454975
1786455090291 21911 1786454975
1786455090651 21911 1786454975
1786455090955 21911 1786454975
1786455091283 21911 1786454975
1786455091625 21911 1786454975
1786455091995 21911 1786454975
1786455092361 21911 1786454975
1786455092670 21911 1786454975
1786455093023 21911 1786454975
1786455093382 21911 1786454975
1786455093618 21911 1786454975
1786455093851 21911 1786454975
1786455094211 21911 1786454975
1786455094573 21911 1786454975
1786455094816 21911 1786454975
1786455095190 21911 1786454975
1786455095560 21911 1786454975
1786455095836 21911 1786454975
1786455096216 21911 1786454975
1786455096558 21911 1786454975
1786455096936 21911 1786454975
1786455097314 21911 1786454975
1786455097643 21911 1786454975
1786455097949 21911 1786454975
1786455098186 21911 1786454975
1786455098408 21911 1786454975
1786455098718 21911 1786454975
1786455099076 21911 1786454975
1786455099369 21911 1786454975
1786455099589 21911 1786454975
1786455099857 21911 1786454975
1786455100233 21911 1786454975
1786455100598 21911 1786454975
1786455100927 21911 1786454975
1786455101264 21911 1786454975
1786455101575 21911 1786454975
1786455101920 21911 1786454975
1786455102287 21911 1786454975
1786455102631 21911 1786454975
1786455102875 21911 1786454975
1786455103206 21911 1786454975
1786455103500 21911 1786454975
1786455103874 21911 1786454975
1786455104213 21911 1786454975
1786455104596 21911 1786454975
1786455104950 21911 1786454975
1786455105326 21911 1786454975
1786455105677 21911 1786454975
1786455106051 21911 1786454975
1786455106430 21911 1786454975
1786455106790 21911 1786454975
1786455107163 21911 1786454975
1786455107499 21911 1786454975
1786455107750 21911 1786454975
1786455108111 21911 1786454975
1786455108482 21911 1786454975
1786455108732 21911 1786454975
1786455109062 21911 1786454975
1786455109430 21911 1786454975
1786455109796 21911 1786454975
1786455110172 21911 1786454975
1786455110406 21911 1786454975
1786455110764 21911 1786454975
1786455111080 21911 1786454975
1786455111443 21911 1786454975
1786455111806 21911 1786454975
1786455112108 21911 1786454975
1786455112458 21911 1786454975
1786455112794 21911 1786454975
1786455113171 21911 1786454975
1786455113551 21911 1786454975
1786455113922 21911 1786454975
1786455114282 21911 1786454975
1786455114589 21911 1786454975
1786455114893 21911 1786454975
1786455115248 21911 1786454975
1786455115519 21911 1786454975
1786455115886 21911 1786454975
1786455116250 21911 1786454975
1786455116627 21911 1786454975
1786455116929 21911 1786454975
1786455117297 21911 1786454975
1786455117632 21911 1786454975
1786455117996 21911 1786454975
1786455118379 21911 1786454975
1786455118614 21911 1786454975
1786455118951 21911 1786454975
1786455119874 21911 1786454975
1786455120251 21911 1786454975
1786455120613 21911 1786454975
1786455120978 21911 1786454975
1786455121356 21911 1786454975
1786455121712 21911 1786454975
1786455122080 21911 1786454975
1786455122389 21911 1786454975
1786455122730 21911 1786454975
1786455123106 21911 1786454975
1786455123348 21911 1786454975
1786455123658 21911 1786454975
1786455123979 21911 1786454975
1786455124352 21911 1786454975
1786455125085 21911 1786454975
1786455125462 21911 1786454975
1786455125835 21911 1786454975
1786455126206 21911 1786454975
1786455126544 21911 1786454975
1786455126844 21911 1786454975
1786455127219 21911 1786454975
1786455127534 21911 1786454975
1786455127898 21911 1786454975
1786455128225 21911 1786454975
1786455128471 21911 1786454975
1786455128844 21911 1786454975
1786455129215 21911 1786454975
1786455129443 21911 1786454975
1786455129663 21911 1786454975
1786455129981 21911 1786454975
1786455130346 21911 1786454975
1786455130711 21911 1786454975
1786455131090 21911 1786454975
1786455131418 21911 1786454975
1786455131667 21911 1786454975
1786455131996 21911 1786454975
1786455132377 21911 1786454975
1786455132624 21911 1786454975
1786455132924 21911 1786454975
1786455133175 21911 1786454975
1786455133549 21911 1786454975
1786455133781 21911 1786454975
1786455134131 21911 1786454975
1786455134424 21911 1786454975
1786455134794 21911 1786454975
1786455135149 21911 1786454975
1786455135482 21911 1786454975
1786455135840 21911 1786454975
1786455136183 21911 1786454975
1786455136467 21911 1786454975
1786455136737 21911 1786454975
1786455137111 21911 1786454975
1786455137487 21911 1786454975
1786455137713 21911 1786454975
1786455138052 21911 1786454975
1786455138325 21911 1786454975
1786455138628 21911 1786454975
1786455139006 21911 1786454975
1786455139387 21911 1786454975
1786455139617 21911 1786454975
1786455139989 21911 1786454975
1786455140359 21911 1786454975
1786455140725 21911 1786454975
1786455141079 21911 1786454975
1786455141419 21911 1786454975
1786455141777 21911 1786454975
1786455142033 21911 1786454975
1786455142359 21911 1786454975
1786455142736 21911 1786454975
1786455143013 21911 1786454975
1786455143230 21911 1786454975
1786455143456 21911 1786454975
1786455143758 21911 1786454975
1786455144124 21911 1786454975
1786455144497 21911 1786454975
1786455144749 21911 1786454975
1786455145127 21911 1786454975
1786455145490 21911 1786454975
1786455145822 21911 1786454975
1786455146184 21911 1786454975
1786455146561 21911 1786454975
1786455146919 21911 1786454975
1786455147291 21911 1786454975
1786455147562 21911 1786454975
1786455147929 21911 1786454975
1786455148305 21911 1786454975
1786455148675 21911 1786454975
1786455149055 21911 1786454975
1786455149426 21911 1786454975
1786455149804 21911 1786454975
1786455150078 21911 1786454975
1786455150435 21911 1786454975
1786455150654 21911 1786454975
1786455150890 21911 1786454975
1786455151206 21911 1786454975
1786455151478 21911 1786454975
1786455151854 21911 1786454975
1786455152230 21911 1786454975
1786455152584 21911 1786454975
1786455152900 21911 1786454975
1786455153208 21911 1786454975
1786455153584 21911 1786454975
1786455153920 21911 1786454975
1786455154288 21911 1786454975
1786455154666 21911 1786454975
1786455155026 21911 1786454975
1786455155371 21911 1786454975
1786455155735 21911 1786454975
1786455156115 21911 1786454975
1786455156405 21911 1786454975
1786455156698 21911 1786454975
1786455157074 21911 1786454975
1786455157454 21911 1786454975
1786455157816 21911 1786454975
1786455158093 21911 1786454975
1786455158423 21911 1786454975
1786455158745 21911 1786454975
1786455159120 21911 1786454975
1786455159483 21911 1786454975
1786455159779 21911 1786454975
1786455160149 21911 1786454975
1786455160525 21911 1786454975
1786455160792 21911 1786454975
1786455161165 21911 1786454975
1786455161536 21911 1786454975
1786455161914 21911 1786454975
1786455162265 21911 1786454975
1786455162557 21911 1786454975
1786455162859 21911 1786454975
1786455163231 21911 1786454975
1786455163585 21911 1786454975
1786455163965 21911 1786454975
1786455164231 21911 1786454975
1786455164555 21911 1786454975
1786455164927 21911 1786454975
1786455165231 21911 1786454975
1786455165608 21911 1786454975
1786455165958 21911 1786454975
1786455166329 21911 1786454975
1786455166706 21911 1786454975
1786455167078 21911 1786454975
1786455167460 21911 1786454975
1786455167813 21911 1786454975
1786455168182 21911 1786454975
1786455168556 21911 1786454975
1786455168807 21911 1786454975
1786455169066 21911 1786454975
1786455169445 21911 1786454975
1786455169820 21911 1786454975
1786455170095 21911 1786454975
1786455170453 21911 1786454975
1786455170821 21911 1786454975
1786455171187 21911 1786454975
1786455171552 21911 1786454975
1786455171844 21911 1786454975
1786455172138 21911 1786454975
1786455172500 21911 1786454975
1786455172881 21911 1786454975
1786455173123 21911 1786454975
1786455173422 21911 1786454975
1786455173794 21911 1786454975
1786455174172 21911 1786454975
1786455174472 21911 1786454975
1786455174688 21911 1786454975
1786455174925 21911 1786454975
1786455175254 21911 1786454975
1786455175634 21911 1786454975
1786455175943 21911 1786454975
1786455176283 21911 1786454975
1786455176653 21911 1786454975
1786455177031 21911 1786454975
1786455177382 21911 1786454975
1786455177736 21911 1786454975
1786455178110 21911 1786454975
1786455178491 21911 1786454975
1786455178783 21911 1786454975
1786455179096 21911 1786454975
1786455179466 21911 1786454975
1786455179707 21911 1786454975
1786455179993 21911 1786454975
1786455180350 21911 1786454975
1786455180701 21911 1786454975
1786455181050 21911 1786454975
1786455181314 21911 1786454975
1786455181568 21911 1786454975
1786455181946 21911 1786454975
1786455182322 21911 1786454975
1786455182701 21911 1786454975
1786455182993 21911 1786454975
1786455183334 21911 1786454975
1786455183687 21911 1786454975
1786455184046 21911 1786454975
1786455184421 21911 1786454975
1786455184712 21911 1786454975
1786455184969 21911 1786454975
1786455185348 21911 1786454975
1786455185593 21911 1786454975
1786455185970 21911 1786454975
1786455186338 21911 1786454975
1786455186578 21911 1786454975
1786455186949 21911 1786454975
1786455187321 21911 1786454975
1786455187566 21911 1786454975
1786455187824 21911 1786454975
1786455188196 21911 1786454975
1786455188435 21911 1786454975
1786455188719 21911 1786454975
1786455189020 21911 1786454975
1786455189346 21911 1786454975
1786455189708 21911 1786454975
1786455189928 21911 1786454975
1786455190245 21911 1786454975
1786455190609 21911 1786454975
1786455190861 21911 1786454975
1786455191221 21911 1786454975
1786455191558 21911 1786454975
1786455191930 21911 1786454975
1786455192272 21911 1786454975
1786455192639 21911 1786454975
1786455193017 21911 1786454975
1786455193253 21911 1786454975
1786455193512 21911 1786454975
1786455193871 21911 1786454975
1786455194143 21911 1786454975
1786455194367 21911 1786454975
1786455194740 21911 1786454975
1786455195092 21911 1786454975
1786455195464 21911 1786454975
1786455195835 21911 1786454975
1786455196202 21911 1786454975
1786455196533 21911 1786454975
1786455196895 21911 1786454975
1786455197276 21911 1786454975
1786455197637 21911 1786454975
1786455197998 21911 1786454975
1786455198250 21911 1786454975
1786455198573 21911 1786454975
1786455198807 21911 1786454975
1786455199136 21911 1786454975
1786455199490 21911 1786454975
1786455199726 21911 1786454975
1786455200094 21911 1786454975
1786455200353 21911 1786454975
1786455200649 21911 1786454975
1786455201008 21911 1786454975
1786455201245 21911 1786454975
1786455201521 21911 1786454975
1786455201871 21911 1786454975
1786455202170 21911 1786454975
1786455202540 21911 1786454975
1786455202857 21911 1786454975
1786455203238 21911 1786454975
1786455203507 21911 1786454975
1786455203813 21911 1786454975
1786455204190 21911 1786454975
1786455204563 21911 1786454975
1786455204782 21911 1786454975
1786455205106 21911 1786454975
1786455205485 21911 1786454975
1786455205853 21911 1786454975
1786455206228 21911 1786454975
1786455206604 21911 1786454975
1786455206972 21911 1786454975
1786455207263 21911 1786454975
1786455207621 21911 1786454975
1786455207998 21911 1786454975
1786455208374 21911 1786454975
1786455208626 21911 1786454975
1786455208921 21911 1786454975
1786455209192 21911 1786454975
1786455209491 21911 1786454975
1786455209729 21911 1786454975
1786455210107 21911 1786454975
1786455210485 21911 1786454975
1786455210702 21911 1786454975
1786455211060 21911 1786454975
1786455211339 21911 1786454975
1786455211700 21911 1786454975
1786455212060 21911 1786454975
1786455212272 21911 1786454975
1786455212499 21911 1786454975
1786455212839 21911 1786454975
1786455213206 21911 1786454975
1786455213585 21911 1786454975
1786455213950 21911 1786454975
1786455214278 21911 1786454975
1786455214600 21911 1786454975
1786455214909 21911 1786454975
1786455215244 21911 1786454975
1786455215619 21911 1786454975
1786455215955 21911 1786454975
1786455216314 21911 1786454975
1786455216597 21911 1786454975
1786455216960 21911 1786454975
1786455217332 21911 1786454975
1786455217559 21911 1786454975
1786455217896 21911 1786454975
1786455218116 21911 1786454975
1786455218338 21911 1786454975
1786455218551 21911 1786454975
1786455218903 21911 1786454975
1786455219232 21911 1786454975
1786455219467 21911 1786454975
1786455219740 21911 1786454975
1786455220030 21911 1786454975
1786455220326 21911 1786454975
1786455220601 21911 1786454975
1786455220840 21911 1786454975
1786455221205 21911 1786454975
1786455221554 21911 1786454975
1786455221917 21911 1786454975
1786455222295 21911 1786454975
1786455222651 21911 1786454975
1786455223024 21911 1786454975
1786455223360 21911 1786454975
1786455223719 21911 1786454975
1786455224091 21911 1786454975
1786455224463 21911 1786454975
1786455224837 21911 1786454975
1786455225153 21911 1786454975
1786455225421 21911 1786454975
1786455225742 21911 1786454975
1786455225990 21911 1786454975
1786455226367 21911 1786454975
1786455226739 21911 1786454975
1786455226974 21911 1786454975
1786455227352 21911 1786454975
1786455227711 21911 1786454975
1786455227937 21911 1786454975
1786455228265 21911 1786454975
1786455228522 21911 1786454975
1786455228843 21911 1786454975
1786455229213 21911 1786454975
1786455229568 21911 1786454975
1786455229938 21911 1786454975
1786455230253 21911 1786454975
1786455230554 21911 1786454975
1786455230768 21911 1786454975
1786455231052 21911 1786454975
1786455231269 21911 1786454975
1786455231584 21911 1786454975
1786455231887 21911 1786454975
1786455232264 21911 1786454975
1786455232632 21911 1786454975
1786455232887 21911 1786454975
1786455233161 21911 1786454975
1786455233421 21911 1786454975
1786455233696 21911 1786454975
1786455234048 21911 1786454975
1786455234407 21911 1786454975
1786455234758 21911 1786454975
1786455235119 21911 1786454975
1786455235487 21911 1786454975
1786455235748 21911 1786454975
1786455236123 21911 1786454975
1786455236504 21911 1786454975
1786455236778 21911 1786454975
1786455237040 21911 1786454975
1786455237410 21911 1786454975
1786455237630 21911 1786454975
1786455238001 21911 1786454975
1786455238267 21911 1786454975
1786455238643 21911 1786454975
1786455239019 21911 1786454975
1786455239378 21911 1786454975
1786455239750 21911 1786454975
1786455240103 21911 1786454975
1786455240348 21911 1786454975
1786455240701 21911 1786454975
1786455241009 21911 1786454975
1786455241386 21911 1786454975
1786455241713 21911 1786454975
1786455242079 21911 1786454975
1786455242426 21911 1786454975
1786455242803 21911 1786454975
1786455243180 21911 1786454975
1786455243549 21911 1786454975
1786455243912 21911 1786454975
1786455244143 21911 1786454975
1786455244427 21911 1786454975
1786455244803 21911 1786454975
1786455245182 21911 1786454975
1786455245500 21911 1786454975
1786455245781 21911 1786454975
1786455246149 21911 1786454975
1786455246525 21911 1786454975
1786455246762 21911 1786454975
1786455247008 21911 1786454975
1786455247384 21911 1786454975
1786455247643 21911 1786454975
1786455247988 21911 1786454975
1786455248358 21911 1786454975
1786455248725 21911 1786454975
1786455249088 21911 1786454975
1786455249442 21911 1786454975
1786455249709 21911 1786454975
1786455250038 21911 1786454975
1786455250357 21911 1786454975
1786455250653 21911 1786454975
1786455251029 21911 1786454975
1786455251302 21911 1786454975
1786455251676 21911 1786454975
1786455252051 21911 1786454975
1786455252428 21911 1786454975
1786455252712 21911 1786454975
1786455252981 21911 1786454975
1786455253333 21911 1786454975
1786455253668 21911 1786454975
1786455253882 21911 1786454975
1786455254106 21911 1786454975
1786455254421 21911 1786454975
1786455254673 21911 1786454975
1786455255050 21911 1786454975
1786455255423 21911 1786454975
1786455255660 21911 1786454975
1786455255992 21911 1786454975
1786455256359 21911 1786454975
1786455256696 21911 1786454975
1786455257068 21911 1786454975
1786455257440 21911 1786454975
1786455257700 21911 1786454975
1786455258065 21911 1786454975
1786455258399 21911 1786454975
1786455258758 21911 1786454975
1786455258989 21911 1786454975
1786455259361 21911 1786454975
1786455259690 21911 1786454975
1786455259976 21911 1786454975
1786455260324 21911 1786454975
1786455260656 21911 1786454975
1786455261037 21911 1786454975
1786455261407 21911 1786454975
1786455261659 21911 1786454975
1786455261883 21911 1786454975
1786455262249 21911 1786454975
1786455262620 21911 1786454975
1786455262991 21911 1786454975
1786455263321 21911 1786454975
1786455263557 21911 1786454975
1786455263885 21911 1786454975
1786455264257 21911 1786454975
1786455264624 21911 1786454975
1786455265000 21911 1786454975
1786455265377 21911 1786454975
1786455265753 21911 1786454975
1786455266032 21911 1786454975
1786455266409 21911 1786454975
1786455266775 21911 1786454975
1786455267150 21911 1786454975
1786455267529 21911 1786454975
1786455267894 21911 1786454975
1786455268170 21911 1786454975
1786455268541 21911 1786454975
1786455268841 21911 1786454975
1786455269222 21911 1786454975
1786455269501 21911 1786454975
1786455269871 21911 1786454975
1786455270113 21911 1786454975
1786455270443 21911 1786454975
1786455270807 21911 1786454975
1786455271075 21911 1786454975
1786455271383 21911 1786454975
1786455271758 21911 1786454975
1786455272044 21911 1786454975
1786455272419 21911 1786454975
1786455272694 21911 1786454975
1786455272992 21911 1786454975
1786455273368 21911 1786454975
1786455273722 21911 1786454975
1786455273958 21911 1786454975
1786455274240 21911 1786454975
1786455274556 21911 1786454975
1786455274902 21911 1786454975
1786455275275 21911 1786454975
1786455275654 21911 1786454975
1786455275892 21911 1786454975
1786455276271 21911 1786454975
1786455276549 21911 1786454975
1786455276921 21911 1786454975
1786455277202 21911 1786454975
1786455277524 21911 1786454975
1786455277901 21911 1786454975
1786455278149 21911 1786454975
1786455278459 21911 1786454975
1786455278823 21911 1786454975
1786455279068 21911 1786454975
1786455279365 21911 1786454975
1786455279587 21911 1786454975
1786455279919 21911 1786454975
1786455280286 21911 1786454975
1786455280574 21911 1786454975
1786455280944 21911 1786454975
1786455281177 21911 1786454975
1786455281545 21911 1786454975
1786455281768 21911 1786454975
1786455282125 21911 1786454975
1786455282354 21911 1786454975
1786455282687 21911 1786454975
1786455283061 21911 1786454975
1786455283336 21911 1786454975
1786455283560 21911 1786454975
1786455283936 21911 1786454975
1786455284167 21911 1786454975
1786455284447 21911 1786454975
1786455284674 21911 1786454975
1786455284915 21911 1786454975
1786455285291 21911 1786454975
1786455285570 21911 1786454975
1786455285878 21911 1786454975
1786455286254 21911 1786454975
1786455286598 21911 1786454975
1786455286957 21911 1786454975
1786455287309 21911 1786454975
1786455287541 21911 1786454975
1786455287885 21911 1786454975
1786455288257 21911 1786454975
1786455288614 21911 1786454975
1786455288994 21911 1786454975
1786455289325 21911 1786454975
1786455289703 21911 1786454975
1786455289940 21911 1786454975
1786455290303 21911 1786454975
1786455290681 21911 1786454975
1786455291043 21911 1786454975
1786455291283 21911 1786454975
1786455291566 21911 1786454975
1786455291877 21911 1786454975
1786455292131 21911 1786454975
1786455292504 21911 1786454975
1786455292873 21911 1786454975
1786455293236 21911 1786454975
1786455293461 21911 1786454975
1786455293691 21911 1786454975
1786455293951 21911 1786454975
1786455294325 21911 1786454975
1786455294634 21911 1786454975
1786455294986 21911 1786454975
1786455295267 21911 1786454975
1786455295629 21911 1786454975
1786455295996 21911 1786454975
1786455296230 21911 1786454975
1786455296587 21911 1786454975
1786455296959 21911 1786454975
1786455297208 21911 1786454975
1786455297570 21911 1786454975
1786455297850 21911 1786454975
1786455298218 21911 1786454975
1786455298595 21911 1786454975
1786455298967 21911 1786454975
1786455299239 21911 1786454975
1786455299528 21911 1786454975
1786455299892 21911 1786454975
1786455300202 21911 1786454975
1786455300572 21911 1786454975
1786455300908 21911 1786454975
1786455301266 21911 1786454975
1786455301487 21911 1786454975
1786455301853 21911 1786454975
1786455302212 21911 1786454975
1786455302443 21911 1786454975
1786455302722 21911 1786454975
1786455302952 21911 1786454975
1786455303329 21911 1786454975
1786455303647 21911 1786454975
1786455304022 21911 1786454975
1786455304381 21911 1786454975
1786455304617 21911 1786454975
1786455304899 21911 1786454975
1786455305263 21911 1786454975
1786455305637 21911 1786454975
1786455305959 21911 1786454975
1786455306191 21911 1786454975
1786455306550 21911 1786454975
1786455306775 21911 1786454975
1786455307118 21911 1786454975
1786455307495 21911 1786454975
1786455307867 21911 1786454975
1786455308118 21911 1786454975
1786455308485 21911 1786454975
1786455308789 21911 1786454975
1786455309133 21911 1786454975
1786455309394 21911 1786454975
1786455309637 21911 1786454975
1786455310014 21911 1786454975
1786455310390 21911 1786454975
1786455310763 21911 1786454975
1786455311057 21911 1786454975
1786455311305 21911 1786454975
1786455311681 21911 1786454975
1786455312035 21911 1786454975
1786455312412 21911 1786454975
1786455312746 21911 1786454975
1786455313091 21911 1786454975
1786455313352 21911 1786454975
1786455313723 21911 1786454975
1786455314083 21911 1786454975
1786455314336 21911 1786454975
1786455314621 21911 1786454975
1786455314998 21911 1786454975
1786455315371 21911 1786454975
1786455315709 21911 1786454975
1786455316070 21911 1786454975
1786455316333 21911 1786454975
1786455316710 21911 1786454975
1786455316938 21911 1786454975
1786455317219 21911 1786454975
1786455317552 21911 1786454975
1786455317924 21911 1786454975
1786455318296 21911 1786454975
1786455318627 21911 1786454975
1786455318875 21911 1786454975
1786455319251 21911 1786454975
1786455319622 21911 1786454975
1786455319998 21911 1786454975
1786455320361 21911 1786454975
1786455320682 21911 1786454975
1786455320986 21911 1786454975
1786455321360 21911 1786454975
1786455321670 21911 1786454975
1786455322044 21911 1786454975
1786455322423 21911 1786454975
1786455322754 21911 1786454975
1786455323122 21911 1786454975
1786455323436 21911 1786454975
1786455323807 21911 1786454975
1786455324171 21911 1786454975
1786455324544 21911 1786454975
1786455324915 21911 1786454975
1786455325273 21911 1786454975
1786455325576 21911 1786454975
1786455325945 21911 1786454975
1786455326318 21911 1786454975
1786455326592 21911 1786454975
1786455326968 21911 1786454975
1786455327343 21911 1786454975
1786455327576 21911 1786454975
1786455327794 21911 1786454975
1786455328168 21911 1786454975
1786455328531 21911 1786454975
1786455328807 21911 1786454975
1786455329088 21911 1786454975
1786455329459 21911 1786454975
1786455329825 21911 1786454975
1786455330049 21911 1786454975
1786455330421 21911 1786454975
1786455330694 21911 1786454975
1786455330924 21911 1786454975
1786455331289 21911 1786454975
1786455331667 21911 1786454975
1786455331939 21911 1786454975
1786455332311 21911 1786454975
1786455332622 21911 1786454975
1786455332961 21911 1786454975
1786455333332 21911 1786454975
1786455333559 21911 1786454975
1786455333919 21911 1786454975
1786455334292 21911 1786454975
1786455334665 21911 1786454975
1786455334925 21911 1786454975
1786455335294 21911 1786454975
1786455335659 21911 1786454975
1786455336025 21911 1786454975
1786455336252 21911 1786454975
1786455336648 21911 1786454975
1786455336934 21911 1786454975
1786455337208 21911 1786454975
1786455337551 21911 1786454975
1786455337927 21911 1786454975
1786455338236 21911 1786454975
1786455338536 21911 1786454975
1786455338903 21911 1786454975
1786455339146 21911 1786454975
1786455339405 21911 1786454975
1786455339761 21911 1786454975
1786455339987 21911 1786454975
1786455340324 21911 1786454975
1786455340759 21911 1786454975
1786455341081 21911 1786454975
1786455341340 21911 1786454975
1786455341585 21911 1786454975
1786455341950 21911 1786454975
1786455342303 21911 1786454975
1786455342651 21911 1786454975
1786455342939 21911 1786454975
1786455343182 21911 1786454975
1786455343550 21911 1786454975
1786455343907 21911 1786454975
1786455344129 21911 1786454975
1786455344341 21911 1786454975
1786455344625 21911 1786454975
1786455344853 21911 1786454975
1786455345239 21911 1786454975
1786455345601 21911 1786454975
1786455345846 21911 1786454975
1786455346090 21911 1786454975
1786455346395 21911 1786454975
1786455346638 21911 1786454975
1786455346969 21911 1786454975
1786455347296 21911 1786454975
1786455347670 21911 1786454975
1786455347907 21911 1786454975
1786455348271 21911 1786454975
1786455348635 21911 1786454975
1786455348929 21911 1786454975
1786455349183 21911 1786454975
1786455349550 21911 1786454975
1786455349840 21911 1786454975
1786455350179 21911 1786454975
1786455350462 21911 1786454975
1786455350825 21911 1786454975
1786455351201 21911 1786454975
1786455351459 21911 1786454975
1786455351832 21911 1786454975
1786455352211 21911 1786454975
1786455352593 21911 1786454975
1786455352967 21911 1786454975
1786455353334 21911 1786454975
1786455353680 21911 1786454975
1786455353994 21911 1786454975
1786455354250 21911 1786454975
1786455354617 21911 1786454975
1786455354991 21911 1786454975
1786455355275 21911 1786454975
1786455355656 21911 1786454975
1786455355888 21911 1786454975
1786455356248 21911 1786454975
1786455356475 21911 1786454975
1786455356707 21911 1786454975
1786455357080 21911 1786454975
1786455357430 21911 1786454975
1786455357796 21911 1786454975
1786455358170 21911 1786454975
1786455358545 21911 1786454975
1786455358784 21911 1786454975
1786455359087 21911 1786454975
1786455359387 21911 1786454975
1786455359695 21911 1786454975
1786455360046 21911 1786454975
1786455360422 21911 1786454975
1786455360779 21911 1786454975
1786455361095 21911 1786454975
1786455361461 21911 1786454975
1786455361795 21911 1786454975
1786455362173 21911 1786454975
1786455362551 21911 1786454975
1786455362904 21911 1786454975
1786455363270 21911 1786454975
1786455363613 21911 1786454975
1786455363885 21911 1786454975
1786455364199 21911 1786454975
1786455364435 21911 1786454975
1786455364696 21911 1786454975
1786455364924 21911 1786454975
1786455365175 21911 1786454975
1786455365526 21911 1786454975
1786455365834 21911 1786454975
1786455366148 21911 1786454975
1786455366411 21911 1786454975
1786455366720 21911 1786454975
1786455366961 21911 1786454975
1786455367327 21911 1786454975
1786455367564 21911 1786454975
1786455367936 21911 1786454975
1786455368225 21911 1786454975
1786455368455 21911 1786454975
1786455368818 21911 1786454975
1786455369189 21911 1786454975
1786455369487 21911 1786454975
1786455369845 21911 1786454975
1786455370215 21911 1786454975
1786455370440 21911 1786454975
1786455370796 21911 1786454975
1786455371159 21911 1786454975
1786455371446 21911 1786454975
1786455371737 21911 1786454975
1786455372014 21911 1786454975
1786455372385 21911 1786454975
1786455372690 21911 1786454975
1786455372993 21911 1786454975
1786455373292 21911 1786454975
1786455373668 21911 1786454975
1786455373946 21911 1786454975
1786455374326 21911 1786454975
1786455374695 21911 1786454975
1786455375048 21911 1786454975
1786455375426 21911 1786454975
1786455375706 21911 1786454975
1786455376079 21911 1786454975
1786455376456 21911 1786454975
1786455376716 21911 1786454975
1786455376946 21911 1786454975
1786455377320 21911 1786454975
1786455377680 21911 1786454975
1786455378056 21911 1786454975
1786455378330 21911 1786454975
1786455378689 21911 1786454975
1786455379044 21911 1786454975
1786455379316 21911 1786454975
1786455379662 21911 1786454975
1786455380026 21911 1786454975
1786455380400 21911 1786454975
1786455380775 21911 1786454975
1786455381151 21911 1786454975
1786455381516 21911 1786454975
1786455381890 21911 1786454975
1786455382139 21911 1786454975
1786455382489 21911 1786454975
1786455382706 21911 1786454975
1786455382927 21911 1786454975
1786455383303 21911 1786454975
1786455383674 21911 1786454975
1786455384053 21911 1786454975
1786455384436 21911 1786454975
1786455384656 21911 1786454975
1786455384897 21911 1786454975
1786455385273 21911 1786454975
1786455385645 21911 1786454975
1786455386016 21911 1786454975
1786455386336 21911 1786454975
1786455386705 21911 1786454975
1786455387020 21911 1786454975
1786455387261 21911 1786454975
1786455387629 21911 1786454975
1786455387941 21911 1786454975
1786455388186 21911 1786454975
1786455388567 21911 1786454975
1786455388941 21911 1786454975
1786455389300 21911 1786454975
1786455389673 21911 1786454975
1786455389911 21911 1786454975
1786455390172 21911 1786454975
1786455390534 21911 1786454975
1786455390916 21911 1786454975
1786455391289 21911 1786454975
1786455391666 21911 1786454975
1786455392044 21911 1786454975
1786455392286 21911 1786454975
1786455392541 21911 1786454975
1786455392915 21911 1786454975
1786455393288 21911 1786454975
1786455393647 21911 1786454975
1786455393879 21911 1786454975
1786455394254 21911 1786454975
1786455394562 21911 1786454975
1786455394841 21911 1786454975
1786455395113 21911 1786454975
1786455395324 21911 1786454975
1786455395658 21911 1786454975
1786455395987 21911 1786454975
1786455396339 21911 1786454975
1786455396701 21911 1786454975
1786455397080 21911 1786454975
1786455397311 21911 1786454975
1786455397552 21911 1786454975
1786455397929 21911 1786454975
1786455398296 21911 1786454975
1786455398669 21911 1786454975
1786455399043 21911 1786454975
1786455399288 21911 1786454975
1786455399506 21911 1786454975
1786455399824 21911 1786454975
1786455400178 21911 1786454975
1786455400453 21911 1786454975
1786455400788 21911 1786454975
1786455401088 21911 1786454975
1786455401326 21911 1786454975
1786455401678 21911 1786454975
1786455401950 21911 1786454975
1786455402321 21911 1786454975
1786455402678 21911 1786454975
1786455402955 21911 1786454975
1786455403299 21911 1786454975
1786455403674 21911 1786454975
1786455404054 21911 1786454975
1786455404284 21911 1786454975
1786455404656 21911 1786454975
1786455404910 21911 1786454975
1786455405186 21911 1786454975
1786455405560 21911 1786454975
1786455405920 21911 1786454975
1786455406186 21911 1786454975
1786455406564 21911 1786454975
1786455406941 21911 1786454975
1786455407318 21911 1786454975
1786455407699 21911 1786454975
1786455408069 21911 1786454975
1786455408440 21911 1786454975
1786455408797 21911 1786454975
1786455409053 21911 1786454975
1786455409321 21911 1786454975
1786455409690 21911 1786454975
1786455410046 21911 1786454975
1786455410420 21911 1786454975
1786455410768 21911 1786454975
1786455411071 21911 1786454975
1786455411361 21911 1786454975
1786455411716 21911 1786454975
1786455412088 21911 1786454975
1786455412461 21911 1786454975
1786455412834 21911 1786454975
1786455413117 21911 1786454975
1786455413491 21911 1786454975
1786455413867 21911 1786454975
1786455414220 21911 1786454975
1786455414474 21911 1786454975
1786455414821 21911 1786454975
1786455415164 21911 1786454975
1786455415427 21911 1786454975
1786455415648 21911 1786454975
1786455415888 21911 1786454975
1786455416262 21911 1786454975
1786455416623 21911 1786454975
1786455416882 21911 1786454975
1786455417240 21911 1786454975
1786455417610 21911 1786454975
1786455417981 21911 1786454975
1786455418240 21911 1786454975
1786455418590 21911 1786454975
1786455418965 21911 1786454975
1786455419285 21911 1786454975
1786455419569 21911 1786454975
1786455419934 21911 1786454975
1786455420306 21911 1786454975
1786455420666 21911 1786454975
1786455420902 21911 1786454975
1786455421276 21911 1786454975
1786455421649 21911 1786454975
1786455422023 21911 1786454975
1786455422399 21911 1786454975
1786455422761 21911 1786454975
1786455423136 21911 1786454975
1786455423499 21911 1786454975
1786455423724 21911 1786454975
1786455424090 21911 1786454975
1786455424347 21911 1786454975
1786455424722 21911 1786454975
1786455425023 21911 1786454975
1786455425371 21911 1786454975
1786455425736 21911 1786454975
1786455426081 21911 1786454975
1786455426441 21911 1786454975
1786455426680 21911 1786454975
1786455426907 21911 1786454975
1786455427144 21911 1786454975
1786455427401 21911 1786454975
1786455427680 21911 1786454975
1786455427931 21911 1786454975
1786455428282 21911 1786454975
1786455428494 21911 1786454975
1786455428874 21911 1786454975
1786455429212 21911 1786454975
1786455429575 21911 1786454975
1786455429933 21911 1786454975
1786455430272 21911 1786454975
1786455430559 21911 1786454975
1786455430912 21911 1786454975
1786455431280 21911 1786454975
1786455431645 21911 1786454975
1786455431924 21911 1786454975
1786455432212 21911 1786454975
1786455432462 21911 1786454975
1786455432684 21911 1786454975
1786455432907 21911 1786454975
1786455433283 21911 1786454975
1786455433613 21911 1786454975
1786455433910 21911 1786454975
1786455434175 21911 1786454975
1786455434427 21911 1786454975
1786455434725 21911 1786454975
1786455435093 21911 1786454975
1786455435396 21911 1786454975
1786455435710 21911 1786454975
1786455435925 21911 1786454975
1786455436212 21911 1786454975
1786455436557 21911 1786454975
1786455436869 21911 1786454975
1786455437090 21911 1786454975
1786455437352 21911 1786454975
1786455437570 21911 1786454975
1786455437888 21911 1786454975
1786455438128 21911 1786454975
1786455438359 21911 1786454975
1786455438599 21911 1786454975
1786455438915 21911 1786454975
1786455439126 21911 1786454975
1786455439456 21911 1786454975
1786455439817 21911 1786454975
1786455440162 21911 1786454975
1786455440413 21911 1786454975
1786455440717 21911 1786454975
1786455441088 21911 1786454975
1786455441461 21911 1786454975
1786455441732 21911 1786454975
1786455442108 21911 1786454975
1786455442356 21911 1786454975
1786455442718 21911 1786454975
1786455442972 21911 1786454975
1786455443333 21911 1786454975
1786455443611 21911 1786454975
1786455443834 21911 1786454975
1786455444206 21911 1786454975
1786455444537 21911 1786454975
1786455444757 21911 1786454975
1786455445095 21911 1786454975
1786455445361 21911 1786454975
1786455445705 21911 1786454975
1786455446072 21911 1786454975
1786455446301 21911 1786454975
1786455446612 21911 1786454975
1786455446951 21911 1786454975
1786455447258 21911 1786454975
1786455447535 21911 1786454975
1786455447746 21911 1786454975
1786455448101 21911 1786454975
1786455448420 21911 1786454975
1786455448660 21911 1786454975
1786455448993 21911 1786454975
1786455449363 21911 1786454975
1786455449609 21911 1786454975
1786455449821 21911 1786454975
1786455450075 21911 1786454975
1786455450304 21911 1786454975
1786455450603 21911 1786454975
1786455450847 21911 1786454975
1786455451080 21911 1786454975
1786455451303 21911 1786454975
1786455451638 21911 1786454975
1786455451929 21911 1786454975
1786455452166 21911 1786454975
1786455452427 21911 1786454975
1786455452743 21911 1786454975
1786455453096 21911 1786454975
1786455453451 21911 1786454975
1786455453676 21911 1786454975
1786455454036 21911 1786454975
1786455454248 21911 1786454975
1786455454543 21911 1786454975
1786455454894 21911 1786454975
1786455455116 21911 1786454975
1786455455375 21911 1786454975
1786455455594 21911 1786454975
1786455455826 21911 1786454975
1786455456155 21911 1786454975
1786455456463 21911 1786454975
1786455456731 21911 1786454975
1786455457074 21911 1786454975
1786455457300 21911 1786454975
1786455457659 21911 1786454975
1786455457945 21911 1786454975
1786455458221 21911 1786454975
1786455458545 21911 1786454975
1786455458781 21911 1786454975
1786455459136 21911 1786454975
1786455459443 21911 1786454975
1786455459784 21911 1786454975
1786455460014 21911 1786454975
1786455460285 21911 1786454975
1786455460646 21911 1786454975
1786455460948 21911 1786454975
1786455461168 21911 1786454975
1786455461385 21911 1786454975
1786455461601 21911 1786454975
1786455461967 21911 1786454975
1786455462180 21911 1786454975
1786455462394 21911 1786454975
1786455462659 21911 1786454975
1786455463015 21911 1786454975
1786455463295 21911 1786454975
1786455463666 21911 1786454975
1786455464021 21911 1786454975
1786455464316 21911 1786454975
1786455464586 21911 1786454975
1786455464807 21911 1786454975
1786455465134 21911 1786454975
1786455465451 21911 1786454975
1786455465671 21911 1786454975
1786455465908 21911 1786454975
1786455466252 21911 1786454975
1786455466481 21911 1786454975
1786455466725 21911 1786454975
1786455467079 21911 1786454975
1786455467429 21911 1786454975
1786455467660 21911 1786454975
1786455468020 21911 1786454975
1786455468240 21911 1786454975
1786455468497 21911 1786454975
1786455468733 21911 1786454975
1786455469074 21911 1786454975
1786455469372 21911 1786454975
1786455469590 21911 1786454975
1786455469859 21911 1786454975
1786455470157 21911 1786454975
1786455470438 21911 1786454975
1786455470785 21911 1786454975
1786455470996 21911 1786454975
1786455471272 21911 1786454975
1786455471576 21911 1786454975
1786455471835 21911 1786454975
1786455472075 21911 1786454975
1786455472349 21911 1786454975
1786455472572 21911 1786454975
1786455472825 21911 1786454975
1786455473195 21911 1786454975
1786455473570 21911 1786454975
1786455473930 21911 1786454975
1786455474279 21911 1786454975
1786455474571 21911 1786454975
1786455474886 21911 1786454975
1786455475169 21911 1786454975
1786455475518 21911 1786454975
1786455475869 21911 1786454975
1786455476153 21911 1786454975
1786455476505 21911 1786454975
1786455476849 21911 1786454975
1786455477150 21911 1786454975
1786455477495 21911 1786454975
1786455477869 21911 1786454975
1786455478221 21911 1786454975
1786455478470 21911 1786454975
1786455478746 21911 1786454975
1786455478969 21911 1786454975
1786455479276 21911 1786454975
1786455479511 21911 1786454975
1786455479886 21911 1786454975
1786455480253 21911 1786454975
1786455480624 21911 1786454975
1786455480894 21911 1786454975
1786455481125 21911 1786454975
1786455481491 21911 1786454975
1786455481826 21911 1786454975
1786455482190 21911 1786454975
1786455482567 21911 1786454975
1786455482917 21911 1786454975
1786455483137 21911 1786454975
1786455483501 21911 1786454975
1786455483870 21911 1786454975
1786455484142 21911 1786454975
1786455484498 21911 1786454975
1786455484829 21911 1786454975
1786455485193 21911 1786454975
1786455485570 21911 1786454975
1786455485934 21911 1786454975
1786455486284 21911 1786454975
1786455486640 21911 1786454975
1786455486956 21911 1786454975
1786455487222 21911 1786454975
1786455487466 21911 1786454975
1786455487847 21911 1786454975
1786455488172 21911 1786454975
1786455488521 21911 1786454975
1786455488897 21911 1786454975
1786455489273 21911 1786454975
1786455489629 21911 1786454975
1786455489849 21911 1786454975
1786455490226 21911 1786454975
1786455490604 21911 1786454975
1786455490920 21911 1786454975
1786455491243 21911 1786454975
1786455491622 21911 1786454975
1786455491985 21911 1786454975
1786455492268 21911 1786454975
1786455492629 21911 1786454975
1786455493003 21911 1786454975
1786455493346 21911 1786454975
1786455493702 21911 1786454975
1786455494068 21911 1786454975
1786455494440 21911 1786454975
1786455494702 21911 1786454975
1786455495036 21911 1786454975
1786455495415 21911 1786454975
1786455495636 21911 1786454975
1786455495994 21911 1786454975
1786455496240 21911 1786454975
1786455496453 21911 1786454975
1786455496782 21911 1786454975
1786455497070 21911 1786454975
1786455497322 21911 1786454975
1786455497651 21911 1786454975
1786455497934 21911 1786454975
1786455498311 21911 1786454975
1786455498671 21911 1786454975
1786455499047 21911 1786454975
1786455499272 21911 1786454975
1786455499639 21911 1786454975
1786455499881 21911 1786454975
1786455500231 21911 1786454975
1786455500556 21911 1786454975
1786455500776 21911 1786454975
1786455501081 21911 1786454975
1786455501343 21911 1786454975
1786455501686 21911 1786454975
1786455502039 21911 1786454975
1786455502380 21911 1786454975
1786455502630 21911 1786454975
1786455502960 21911 1786454975
1786455503279 21911 1786454975
1786455503569 21911 1786454975
1786455503935 21911 1786454975
1786455504293 21911 1786454975
1786455504506 21911 1786454975
1786455504730 21911 1786454975
1786455504950 21911 1786454975
1786455505291 21911 1786454975
1786455505666 21911 1786454975
1786455506034 21911 1786454975
1786455506406 21911 1786454975
1786455506751 21911 1786454975
1786455506986 21911 1786454975
1786455507348 21911 1786454975
1786455507705 21911 1786454975
1786455508084 21911 1786454975
1786455508437 21911 1786454975
1786455508671 21911 1786454975
1786455509040 21911 1786454975
1786455509364 21911 1786454975
1786455509728 21911 1786454975
1786455510102 21911 1786454975
1786455510395 21911 1786454975
1786455510756 21911 1786454975
1786455511094 21911 1786454975
1786455511445 21911 1786454975
1786455511678 21911 1786454975
1786455512006 21911 1786454975
1786455512288 21911 1786454975
1786455512669 21911 1786454975
1786455512965 21911 1786454975
1786455513342 21911 1786454975
1786455513705 21911 1786454975
1786455514039 21911 1786454975
1786455514292 21911 1786454975
1786455514662 21911 1786454975
1786455515019 21911 1786454975
1786455515310 21911 1786454975
1786455515681 21911 1786454975
1786455515974 21911 1786454975
1786455516332 21911 1786454975
1786455516582 21911 1786454975
1786455516820 21911 1786454975
1786455517154 21911 1786454975
1786455517415 21911 1786454975
1786455517775 21911 1786454975
1786455518071 21911 1786454975
1786455518355 21911 1786454975
1786455518712 21911 1786454975
1786455519037 21911 1786454975
1786455519418 21911 1786454975
1786455519780 21911 1786454975
1786455520045 21911 1786454975
1786455520259 21911 1786454975
1786455520617 21911 1786454975
1786455520878 21911 1786454975
1786455521095 21911 1786454975
1786455521378 21911 1786454975
1786455521667 21911 1786454975
1786455521891 21911 1786454975
1786455522246 21911 1786454975
1786455522598 21911 1786454975
1786455522911 21911 1786454975
1786455523134 21911 1786454975
1786455523376 21911 1786454975
1786455523757 21911 1786454975
1786455524025 21911 1786454975
1786455524384 21911 1786454975
1786455524719 21911 1786454975
1786455525071 21911 1786454975
1786455525443 21911 1786454975
1786455525656 21911 1786454975
1786455525943 21911 1786454975
1786455526207 21911 1786454975
1786455526510 21911 1786454975
1786455526786 21911 1786454975
1786455527145 21911 1786454975
1786455527360 21911 1786454975
1786455527614 21911 1786454975
1786455527973 21911 1786454975
1786455528198 21911 1786454975
1786455528415 21911 1786454975
1786455528646 21911 1786454975
1786455528878 21911 1786454975
1786455529106 21911 1786454975
1786455529351 21911 1786454975
1786455529645 21911 1786454975
1786455529897 21911 1786454975
1786455530262 21911 1786454975
1786455530618 21911 1786454975
1786455530872 21911 1786454975
1786455531085 21911 1786454975
1786455531455 21911 1786454975
1786455531788 21911 1786454975
1786455532150 21911 1786454975
1786455532364 21911 1786454975
1786455532703 21911 1786454975
1786455533063 21911 1786454975
1786455533419 21911 1786454975
1786455533792 21911 1786454975
1786455534139 21911 1786454975
1786455534399 21911 1786454975
1786455534619 21911 1786454975
1786455534909 21911 1786454975
1786455535269 21911 1786454975
1786455535486 21911 1786454975
1786455535778 21911 1786454975
1786455536077 21911 1786454975
1786455536322 21911 1786454975
1786455536659 21911 1786454975
1786455536871 21911 1786454975
1786455537144 21911 1786454975
1786455537505 21911 1786454975
1786455537738 21911 1786454975
1786455538092 21911 1786454975
1786455538320 21911 1786454975
1786455538670 21911 1786454975
1786455538922 21911 1786454975
1786455539153 21911 1786454975
1786455539386 21911 1786454975
1786455539605 21911 1786454975
1786455539891 21911 1786454975
1786455540220 21911 1786454975
1786455540442 21911 1786454975
1786455540866 21911 1786454975
1786455541233 21911 1786454975
1786455541486 21911 1786454975
1786455541863 21911 1786454975
1786455542242 21911 1786454975
1786455542683 21911 1786454975
1786455542940 21911 1786454975
1786455543172 21911 1786454975
1786455543531 21911 1786454975
1786455543963 21911 1786454975
1786455544206 21911 1786454975
1786455544577 21911 1786454975
1786455544939 21911 1786454975
1786455545234 21911 1786454975
1786455545475 21911 1786454975
1786455545726 21911 1786454975
1786455546001 21911 1786454975
1786455546248 21911 1786454975
1786455546611 21911 1786454975
1786455546992 21911 1786454975
1786455547298 21911 1786454975
1786455547533 21911 1786454975
1786455547755 21911 1786454975
1786455548089 21911 1786454975
1786455548332 21911 1786454975
1786455548694 21911 1786454975
1786455548910 21911 1786454975
1786455549237 21911 1786454975
1786455549597 21911 1786454975
1786455549810 21911 1786454975
1786455550062 21911 1786454975
1786455550307 21911 1786454975
1786455550538 21911 1786454975
1786455550787 21911 1786454975
1786455551137 21911 1786454975
1786455551424 21911 1786454975
1786455551663 21911 1786454975
1786455551918 21911 1786454975
1786455552183 21911 1786454975
1786455552476 21911 1786454975
1786455552704 21911 1786454975
1786455552925 21911 1786454975
1786455553196 21911 1786454975
1786455553441 21911 1786454975
1786455553798 21911 1786454975
1786455554062 21911 1786454975
1786455554304 21911 1786454975
1786455554545 21911 1786454975
1786455554832 21911 1786454975
1786455555194 21911 1786454975
1786455555546 21911 1786454975
1786455555818 21911 1786454975
1786455556171 21911 1786454975
1786455556487 21911 1786454975
1786455556728 21911 1786454975
1786455556950 21911 1786454975
1786455557176 21911 1786454975
1786455557467 21911 1786454975
1786455557812 21911 1786454975
1786455558168 21911 1786454975
1786455558507 21911 1786454975
1786455558736 21911 1786454975
1786455558948 21911 1786454975
1786455559190 21911 1786454975
1786455559553 21911 1786454975
1786455559844 21911 1786454975
1786455560203 21911 1786454975
1786455560445 21911 1786454975
1786455560676 21911 1786454975
1786455560911 21911 1786454975
1786455561164 21911 1786454975
1786455561498 21911 1786454975
1786455561717 21911 1786454975
1786455561948 21911 1786454975
1786455562206 21911 1786454975
1786455562505 21911 1786454975
1786455562856 21911 1786454975
1786455563209 21911 1786454975
1786455563558 21911 1786454975
1786455563855 21911 1786454975
1786455564124 21911 1786454975
1786455564467 21911 1786454975
1786455564695 21911 1786454975
1786455565005 21911 1786454975
1786455565336 21911 1786454975
1786455565693 21911 1786454975
1786455566052 21911 1786454975
1786455566340 21911 1786454975
1786455566646 21911 1786454975
1786455566938 21911 1786454975
1786455567277 21911 1786454975
1786455567518 21911 1786454975
1786455567838 21911 1786454975
1786455568093 21911 1786454975
1786455568347 21911 1786454975
1786455568676 21911 1786454975
1786455568936 21911 1786454975
1786455569222 21911 1786454975
1786455569570 21911 1786454975
1786455569791 21911 1786454975
1786455570086 21911 1786454975
1786455570367 21911 1786454975
1786455570611 21911 1786454975
1786455570954 21911 1786454975
1786455571285 21911 1786454975
1786455571638 21911 1786454975
1786455571854 21911 1786454975
1786455572197 21911 1786454975
1786455572539 21911 1786454975
1786455572890 21911 1786454975
1786455573217 21911 1786454975
1786455573471 21911 1786454975
1786455573770 21911 1786454975
1786455574014 21911 1786454975
1786455574291 21911 1786454975
1786455574656 21911 1786454975
1786455574971 21911 1786454975
1786455575319 21911 1786454975
1786455575556 21911 1786454975
1786455575807 21911 1786454975
1786455576035 21911 1786454975
1786455576391 21911 1786454975
1786455576683 21911 1786454975
1786455576905 21911 1786454975
1786455577138 21911 1786454975
1786455577351 21911 1786454975
1786455577708 21911 1786454975
1786455577983 21911 1786454975
1786455578297 21911 1786454975
1786455578597 21911 1786454975
1786455578925 21911 1786454975
1786455579248 21911 1786454975
1786455579469 21911 1786454975
1786455579716 21911 1786454975
1786455579971 21911 1786454975
1786455580232 21911 1786454975
1786455580598 21911 1786454975
1786455580909 21911 1786454975
1786455581143 21911 1786454975
1786455581464 21911 1786454975
1786455581734 21911 1786454975
1786455582070 21911 1786454975
1786455582341 21911 1786454975
1786455582584 21911 1786454975
1786455582900 21911 1786454975
1786455583189 21911 1786454975
1786455583511 21911 1786454975
1786455583863 21911 1786454975
1786455584243 21911 1786454975
1786455584625 21911 1786454975
1786455584862 21911 1786454975
1786455585219 21911 1786454975
1786455585595 21911 1786454975
1786455585843 21911 1786454975
1786455586207 21911 1786454975
1786455586462 21911 1786454975
1786455586800 21911 1786454975
1786455587179 21911 1786454975
1786455587523 21911 1786454975
1786455587885 21911 1786454975
1786455588231 21911 1786454975
1786455588500 21911 1786454975
1786455588842 21911 1786454975
1786455589214 21911 1786454975
1786455589584 21911 1786454975
1786455589887 21911 1786454975
1786455590138 21911 1786454975
1786455590494 21911 1786454975
1786455590787 21911 1786454975
1786455591013 21911 1786454975
1786455591331 21911 1786454975
1786455591654 21911 1786454975
1786455591967 21911 1786454975
1786455592325 21911 1786454975
1786455592601 21911 1786454975
1786455592978 21911 1786454975
1786455593359 21911 1786454975
1786455593728 21911 1786454975
1786455593940 21911 1786454975
1786455594196 21911 1786454975
1786455594524 21911 1786454975
1786455594770 21911 1786454975
1786455595008 21911 1786454975
1786455595387 21911 1786454975
1786455595766 21911 1786454975
1786455596127 21911 1786454975
1786455596343 21911 1786454975
1786455596691 21911 1786454975
1786455597049 21911 1786454975
1786455597396 21911 1786454975
1786455597717 21911 1786454975
1786455597930 21911 1786454975
1786455598173 21911 1786454975
1786455598479 21911 1786454975
1786455598725 21911 1786454975
1786455599100 21911 1786454975
1786455599321 21911 1786454975
1786455599643 21911 1786454975
1786455599877 21911 1786454975
1786455600089 21911 1786454975
1786455600344 21911 1786454975
1786455600567 21911 1786454975
1786455600780 21911 1786454975
1786455601111 21911 1786454975
1786455601366 21911 1786454975
1786455601706 21911 1786454975
1786455602061 21911 1786454975
1786455602274 21911 1786454975
1786455602521 21911 1786454975
1786455602797 21911 1786454975
1786455603026 21911 1786454975
1786455603404 21911 1786454975
1786455603740 21911 1786454975
1786455604022 21911 1786454975
1786455604322 21911 1786454975
1786455604674 21911 1786454975
1786455605057 21911 1786454975
1786455605382 21911 1786454975
1786455605609 21911 1786454975
1786455605979 21911 1786454975
1786455606351 21911 1786454975
1786455606747 21911 1786454975
1786455607024 21911 1786454975
1786455607292 21911 1786454975
1786455607529 21911 1786454975
1786455607925 21911 1786454975
1786455608343 21911 1786454975
1786455608725 21911 1786454975
1786455609111 21911 1786454975
1786455609393 21911 1786454975
1786455609624 21911 1786454975
1786455609852 21911 1786454975
1786455610135 21911 1786454975
1786455610432 21911 1786454975
1786455610743 21911 1786454975
1786455611039 21911 1786454975
1786455611361 21911 1786454975
1786455611652 21911 1786454975
1786455611873 21911 1786454975
1786455612140 21911 1786454975
1786455612396 21911 1786454975
1786455612735 21911 1786454975
1786455613099 21911 1786454975
1786455613444 21911 1786454975
1786455613755 21911 1786454975
1786455614027 21911 1786454975
1786455614266 21911 1786454975
1786455614478 21911 1786454975
1786455614783 21911 1786454975
1786455615003 21911 1786454975
1786455615322 21911 1786454975
1786455615644 21911 1786454975
1786455615944 21911 1786454975
1786455616195 21911 1786454975
1786455616414 21911 1786454975
1786455616679 21911 1786454975
1786455616909 21911 1786454975
1786455617146 21911 1786454975
1786455617378 21911 1786454975
1786455617724 21911 1786454975
1786455618080 21911 1786454975
1786455618395 21911 1786454975
1786455618696 21911 1786454975
1786455619035 21911 1786454975
1786455619395 21911 1786454975
1786455619704 21911 1786454975
1786455619928 21911 1786454975
1786455620226 21911 1786454975
1786455620452 21911 1786454975
1786455620665 21911 1786454975
1786455620883 21911 1786454975
1786455621211 21911 1786454975
1786455621549 21911 1786454975
1786455621773 21911 1786454975
1786455622127 21911 1786454975
1786455622344 21911 1786454975
1786455622623 21911 1786454975
1786455622902 21911 1786454975
1786455623153 21911 1786454975
1786455623479 21911 1786454975
1786455623823 21911 1786454975
1786455624092 21911 1786454975
1786455624375 21911 1786454975
1786455624616 21911 1786454975
1786455624956 21911 1786454975
1786455625256 21911 1786454975
1786455625590 21911 1786454975
1786455625819 21911 1786454975
1786455626039 21911 1786454975
1786455626362 21911 1786454975
1786455626590 21911 1786454975
1786455626863 21911 1786454975
1786455627103 21911 1786454975
1786455627409 21911 1786454975
1786455627717 21911 1786454975
1786455627998 21911 1786454975
1786455628359 21911 1786454975
1786455628717 21911 1786454975
1786455628970 21911 1786454975
1786455629201 21911 1786454975
1786455629535 21911 1786454975
1786455629749 21911 1786454975
1786455629999 21911 1786454975
1786455630229 21911 1786454975
1786455630575 21911 1786454975
1786455630834 21911 1786454975
1786455631174 21911 1786454975
1786455631528 21911 1786454975
1786455631798 21911 1786454975
1786455632149 21911 1786454975
1786455632385 21911 1786454975
1786455632722 21911 1786454975
1786455632952 21911 1786454975
1786455633195 21911 1786454975
1786455633532 21911 1786454975
1786455633829 21911 1786454975
1786455634148 21911 1786454975
1786455634454 21911 1786454975
1786455634800 21911 1786454975
1786455635154 21911 1786454975
1786455635402 21911 1786454975
1786455635620 21911 1786454975
1786455635961 21911 1786454975
1786455636291 21911 1786454975
1786455636639 21911 1786454975
1786455637001 21911 1786454975
1786455637339 21911 1786454975
1786455637666 21911 1786454975
1786455637879 21911 1786454975
1786455638167 21911 1786454975
1786455638383 21911 1786454975
1786455638746 21911 1786454975
1786455639124 21911 1786454975
1786455639462 21911 1786454975
1786455639697 21911 1786454975
1786455640045 21911 1786454975
1786455640330 21911 1786454975
1786455640698 21911 1786454975
1786455641023 21911 1786454975
1786455641385 21911 1786454975
1786455641740 21911 1786454975
1786455642020 21911 1786454975
1786455642258 21911 1786454975
1786455642477 21911 1786454975
1786455642824 21911 1786454975
1786455643168 21911 1786454975
1786455643435 21911 1786454975
1786455643760 21911 1786454975
1786455644083 21911 1786454975
1786455644332 21911 1786454975
1786455644544 21911 1786454975
1786455644770 21911 1786454975
1786455644995 21911 1786454975
1786455645206 21911 1786454975
1786455645524 21911 1786454975
1786455645797 21911 1786454975
1786455646171 21911 1786454975
1786455646544 21911 1786454975
1786455646782 21911 1786454975
1786455647155 21911 1786454975
1786455647519 21911 1786454975
1786455647869 21911 1786454975
1786455648212 21911 1786454975
1786455648477 21911 1786454975
1786455648844 21911 1786454975
1786455649215 21911 1786454975
1786455649572 21911 1786454975
1786455649937 21911 1786454975
1786455650303 21911 1786454975
1786455650674 21911 1786454975
1786455650967 21911 1786454975
1786455651322 21911 1786454975
1786455651674 21911 1786454975
1786455651977 21911 1786454975
1786455652347 21911 1786454975
1786455652659 21911 1786454975
1786455653026 21911 1786454975
1786455653399 21911 1786454975
1786455653775 21911 1786454975
1786455654116 21911 1786454975
1786455654346 21911 1786454975
1786455654566 21911 1786454975
1786455654883 21911 1786454975
1786455655255 21911 1786454975
1786455655696 21911 1786454975
1786455656048 21911 1786454975
1786455656396 21911 1786454975
1786455656696 21911 1786454975
1786455656953 21911 1786454975
1786455657324 21911 1786454975
1786455657642 21911 1786454975
1786455657955 21911 1786454975
1786455658287 21911 1786454975
1786455658646 21911 1786454975
1786455658927 21911 1786454975
1786455659381 21911 1786454975
1786455659731 21911 1786454975
1786455660072 21911 1786454975
1786455660290 21911 1786454975
1786455660598 21911 1786454975
1786455660966 21911 1786454975
1786455661338 21911 1786454975
1786455661707 21911 1786454975
1786455662074 21911 1786454975
1786455662304 21911 1786454975
1786455662537 21911 1786454975
1786455662818 21911 1786454975
1786455663184 21911 1786454975
1786455663541 21911 1786454975
1786455663938 21911 1786454975
1786455664264 21911 1786454975
1786455664479 21911 1786454975
1786455664788 21911 1786454975
1786455665147 21911 1786454975
1786455665401 21911 1786454975
1786455665649 21911 1786454975
1786455665954 21911 1786454975
1786455666270 21911 1786454975
1786455666631 21911 1786454975
1786455666895 21911 1786454975
1786455667110 21911 1786454975
1786455667360 21911 1786454975
1786455667718 21911 1786454975
1786455667967 21911 1786454975
1786455668267 21911 1786454975
1786455668486 21911 1786454975
1786455668821 21911 1786454975
1786455669189 21911 1786454975
1786455669565 21911 1786454975
1786455669849 21911 1786454975
1786455670217 21911 1786454975
1786455670519 21911 1786454975
1786455670880 21911 1786454975
1786455671257 21911 1786454975
1786455671624 21911 1786454975
1786455671900 21911 1786454975
1786455672277 21911 1786454975
1786455672622 21911 1786454975
1786455672849 21911 1786454975
1786455673215 21911 1786454975
1786455673574 21911 1786454975
1786455673841 21911 1786454975
1786455674203 21911 1786454975
1786455674581 21911 1786454975
1786455674953 21911 1786454975
1786455675264 21911 1786454975
1786455675635 21911 1786454975
1786455676000 21911 1786454975
1786455676373 21911 1786454975
1786455676734 21911 1786454975
1786455677090 21911 1786454975
1786455677445 21911 1786454975
1786455677803 21911 1786454975
1786455678135 21911 1786454975
1786455678353 21911 1786454975
1786455678679 21911 1786454975
1786455679039 21911 1786454975
1786455679384 21911 1786454975
1786455679760 21911 1786454975
1786455680129 21911 1786454975
1786455680425 21911 1786454975
1786455680800 21911 1786454975
1786455681167 21911 1786454975
1786455681538 21911 1786454975
1786455681913 21911 1786454975
1786455682272 21911 1786454975
1786455682614 21911 1786454975
1786455682896 21911 1786454975
1786455683270 21911 1786454975
1786455683505 21911 1786454975
1786455683824 21911 1786454975
1786455684201 21911 1786454975
1786455684577 21911 1786454975
1786455684943 21911 1786454975
1786455685306 21911 1786454975
1786455685677 21911 1786454975
1786455686051 21911 1786454975
1786455686423 21911 1786454975
1786455686797 21911 1786454975
1786455687156 21911 1786454975
1786455687522 21911 1786454975
1786455687794 21911 1786454975
1786455688049 21911 1786454975
1786455688421 21911 1786454975
1786455688661 21911 1786454975
1786455689030 21911 1786454975
1786455689276 21911 1786454975
1786455689641 21911 1786454975
1786455689877 21911 1786454975
1786455690243 21911 1786454975
1786455690614 21911 1786454975
1786455690996 21911 1786454975
1786455691321 21911 1786454975
1786455691696 21911 1786454975
1786455692033 21911 1786454975
1786455692341 21911 1786454975
1786455692567 21911 1786454975
1786455692922 21911 1786454975
1786455693141 21911 1786454975
1786455693356 21911 1786454975
1786455693683 21911 1786454975
1786455693933 21911 1786454975
1786455694253 21911 1786454975
1786455694473 21911 1786454975
1786455694752 21911 1786454975
1786455695077 21911 1786454975
1786455695435 21911 1786454975
1786455695742 21911 1786454975
1786455696070 21911 1786454975
1786455696439 21911 1786454975
1786455696746 21911 1786454975
1786455697005 21911 1786454975
1786455697375 21911 1786454975
1786455697735 21911 1786454975
1786455698044 21911 1786454975
1786455698328 21911 1786454975
1786455698708 21911 1786454975
1786455699088 21911 1786454975
1786455699458 21911 1786454975
1786455699826 21911 1786454975
1786455700183 21911 1786454975
1786455700553 21911 1786454975
1786455700926 21911 1786454975
1786455701162 21911 1786454975
1786455701393 21911 1786454975
1786455701715 21911 1786454975
1786455702081 21911 1786454975
1786455702454 21911 1786454975
1786455702800 21911 1786454975
1786455703175 21911 1786454975
1786455703541 21911 1786454975
1786455703891 21911 1786454975
1786455704234 21911 1786454975
1786455704547 21911 1786454975
1786455704914 21911 1786454975
1786455705278 21911 1786454975
1786455705641 21911 1786454975
1786455706015 21911 1786454975
1786455706386 21911 1786454975
1786455706760 21911 1786454975
1786455707113 21911 1786454975
1786455707400 21911 1786454975
1786455707770 21911 1786454975
1786455708005 21911 1786454975
1786455708380 21911 1786454975
1786455708712 21911 1786454975
1786455709084 21911 1786454975
1786455709351 21911 1786454975
1786455709724 21911 1786454975
1786455709999 21911 1786454975
1786455710352 21911 1786454975
1786455710608 21911 1786454975
1786455710974 21911 1786454975
1786455711329 21911 1786454975
1786455711683 21911 1786454975
1786455711984 21911 1786454975
1786455712351 21911 1786454975
1786455712622 21911 1786454975
1786455712985 21911 1786454975
1786455713359 21911 1786454975
1786455713729 21911 1786454975
1786455713975 21911 1786454975
1786455714344 21911 1786454975
1786455714709 21911 1786454975
1786455714958 21911 1786454975
1786455715308 21911 1786454975
1786455715683 21911 1786454975
1786455715972 21911 1786454975
1786455716347 21911 1786454975
1786455716679 21911 1786454975
1786455717008 21911 1786454975
1786455717366 21911 1786454975
1786455717707 21911 1786454975
1786455717940 21911 1786454975
1786455718302 21911 1786454975
1786455718580 21911 1786454975
1786455718951 21911 1786454975
1786455719314 21911 1786454975
1786455719677 21911 1786454975
1786455719916 21911 1786454975
1786455720221 21911 1786454975
1786455720553 21911 1786454975
1786455720845 21911 1786454975
1786455721212 21911 1786454975
1786455721585 21911 1786454975
1786455721971 21911 1786454975
1786455722292 21911 1786454975
1786455722532 21911 1786454975
1786455722905 21911 1786454975
1786455723171 21911 1786454975
1786455723540 21911 1786454975
1786455723895 21911 1786454975
1786455724270 21911 1786454975
1786455724645 21911 1786454975
1786455724912 21911 1786454975
1786455725278 21911 1786454975
1786455725583 21911 1786454975
1786455725959 21911 1786454975
1786455726333 21911 1786454975
1786455726574 21911 1786454975
1786455726932 21911 1786454975
1786455727179 21911 1786454975
1786455727556 21911 1786454975
1786455727907 21911 1786454975
1786455728231 21911 1786454975
1786455728571 21911 1786454975
1786455728931 21911 1786454975
1786455729305 21911 1786454975
1786455729568 21911 1786454975
1786455729945 21911 1786454975
1786455730314 21911 1786454975
1786455730684 21911 1786454975
1786455731062 21911 1786454975
1786455731421 21911 1786454975
1786455731793 21911 1786454975
1786455732045 21911 1786454975
1786455732401 21911 1786454975
1786455732757 21911 1786454975
1786455733081 21911 1786454975
1786455733441 21911 1786454975
1786455733760 21911 1786454975
1786455734121 21911 1786454975
1786455734427 21911 1786454975
1786455734804 21911 1786454975
1786455735183 21911 1786454975
1786455735446 21911 1786454975
1786455735808 21911 1786454975
1786455736063 21911 1786454975
1786455736440 21911 1786454975
1786455736722 21911 1786454975
1786455737011 21911 1786454975
1786455737383 21911 1786454975
1786455737720 21911 1786454975
1786455738063 21911 1786454975
1786455738428 21911 1786454975
1786455738785 21911 1786454975
1786455739058 21911 1786454975
1786455739274 21911 1786454975
1786455739539 21911 1786454975
1786455739907 21911 1786454975
1786455740279 21911 1786454975
1786455740541 21911 1786454975
1786455740860 21911 1786454975
1786455741192 21911 1786454975
1786455741566 21911 1786454975
1786455741936 21911 1786454975
1786455742252 21911 1786454975
1786455742630 21911 1786454975
1786455743002 21911 1786454975
1786455743374 21911 1786454975
1786455743692 21911 1786454975
1786455743953 21911 1786454975
1786455744304 21911 1786454975
1786455744667 21911 1786454975
1786455745033 21911 1786454975
1786455745366 21911 1786454975
1786455745736 21911 1786454975
1786455746108 21911 1786454975
1786455746485 21911 1786454975
1786455746863 21911 1786454975
1786455747178 21911 1786454975
1786455747538 21911 1786454975
1786455747911 21911 1786454975
1786455748150 21911 1786454975
1786455748487 21911 1786454975
1786455748851 21911 1786454975
1786455749113 21911 1786454975
1786455749486 21911 1786454975
1786455749852 21911 1786454975
1786455750226 21911 1786454975
1786455750607 21911 1786454975
1786455750865 21911 1786454975
1786455751238 21911 1786454975
1786455751604 21911 1786454975
1786455751980 21911 1786454975
1786455752220 21911 1786454975
1786455752482 21911 1786454975
1786455752787 21911 1786454975
1786455753163 21911 1786454975
1786455753534 21911 1786454975
1786455753876 21911 1786454975
1786455754170 21911 1786454975
1786455754502 21911 1786454975
1786455754874 21911 1786454975
1786455755255 21911 1786454975
1786455755498 21911 1786454975
1786455755731 21911 1786454975
1786455756040 21911 1786454975
1786455756405 21911 1786454975
1786455756763 21911 1786454975
1786455757030 21911 1786454975
1786455757255 21911 1786454975
1786455757482 21911 1786454975
1786455757798 21911 1786454975
1786455758170 21911 1786454975
1786455758504 21911 1786454975
1786455758752 21911 1786454975
1786455759128 21911 1786454975
1786455759477 21911 1786454975
1786455759809 21911 1786454975
1786455760176 21911 1786454975
1786455760513 21911 1786454975
1786455760739 21911 1786454975
1786455761047 21911 1786454975
1786455761293 21911 1786454975
1786455761555 21911 1786454975
1786455761925 21911 1786454975
1786455762291 21911 1786454975
1786455762653 21911 1786454975
1786455762927 21911 1786454975
1786455763296 21911 1786454975
1786455763674 21911 1786454975
1786455763990 21911 1786454975
1786455764365 21911 1786454975
1786455764699 21911 1786454975
1786455765023 21911 1786454975
1786455765364 21911 1786454975
1786455765727 21911 1786454975
1786455766099 21911 1786454975
1786455766372 21911 1786454975
1786455766744 21911 1786454975
1786455767119 21911 1786454975
1786455767491 21911 1786454975
1786455767848 21911 1786454975
1786455768222 21911 1786454975
1786455768591 21911 1786454975
1786455768944 21911 1786454975
1786455769321 21911 1786454975
1786455769665 21911 1786454975
1786455770011 21911 1786454975
1786455770378 21911 1786454975
1786455770748 21911 1786454975
1786455771027 21911 1786454975
1786455771375 21911 1786454975
1786455771725 21911 1786454975
1786455772050 21911 1786454975
1786455772278 21911 1786454975
1786455772503 21911 1786454975
1786455772738 21911 1786454975
1786455773051 21911 1786454975
1786455773432 21911 1786454975
1786455773806 21911 1786454975
1786455774073 21911 1786454975
1786455774358 21911 1786454975
1786455774598 21911 1786454975
1786455774960 21911 1786454975
1786455775247 21911 1786454975
1786455775615 21911 1786454975
1786455775944 21911 1786454975
1786455776179 21911 1786454975
1786455776549 21911 1786454975
1786455776922 21911 1786454975
1786455777241 21911 1786454975
1786455777592 21911 1786454975
1786455777963 21911 1786454975
1786455778248 21911 1786454975
1786455778573 21911 1786454975
1786455778946 21911 1786454975
1786455779172 21911 1786454975
1786455779414 21911 1786454975
1786455779793 21911 1786454975
1786455780077 21911 1786454975
1786455780456 21911 1786454975
1786455780820 21911 1786454975
1786455781057 21911 1786454975
1786455781282 21911 1786454975
1786455781614 21911 1786454975
1786455781833 21911 1786454975
1786455782207 21911 1786454975
1786455782477 21911 1786454975
1786455782857 21911 1786454975
1786455783115 21911 1786454975
1786455783491 21911 1786454975
1786455783720 21911 1786454975
1786455784085 21911 1786454975
1786455784442 21911 1786454975
1786455784818 21911 1786454975
1786455785190 21911 1786454975
1786455785515 21911 1786454975
1786455785792 21911 1786454975
1786455786121 21911 1786454975
1786455786494 21911 1786454975
1786455786868 21911 1786454975
1786455787186 21911 1786454975
1786455787564 21911 1786454975
1786455787940 21911 1786454975
1786455788312 21911 1786454975
1786455788612 21911 1786454975
1786455788875 21911 1786454975
1786455789249 21911 1786454975
1786455789619 21911 1786454975
1786455789901 21911 1786454975
1786455790276 21911 1786454975
1786455790649 21911 1786454975
1786455791020 21911 1786454975
1786455791389 21911 1786454975
1786455791605 21911 1786454975
1786455791966 21911 1786454975
1786455792320 21911 1786454975
1786455792678 21911 1786454975
1786455792938 21911 1786454975
1786455793285 21911 1786454975
1786455793663 21911 1786454975
1786455794042 21911 1786454975
1786455794371 21911 1786454975
1786455794628 21911 1786454975
1786455794874 21911 1786454975
1786455795221 21911 1786454975
1786455795597 21911 1786454975
1786455795974 21911 1786454975
1786455796354 21911 1786454975
1786455796690 21911 1786454975
1786455797003 21911 1786454975
1786455797364 21911 1786454975
1786455797676 21911 1786454975
1786455797920 21911 1786454975
1786455798193 21911 1786454975
1786455798566 21911 1786454975
1786455798945 21911 1786454975
1786455799203 21911 1786454975
1786455799519 21911 1786454975
1786455799863 21911 1786454975
1786455800241 21911 1786454975
1786455800554 21911 1786454975
1786455800934 21911 1786454975
1786455801306 21911 1786454975
1786455801672 21911 1786454975
1786455802016 21911 1786454975
1786455802296 21911 1786454975
1786455802668 21911 1786454975
1786455803001 21911 1786454975
1786455803320 21911 1786454975
1786455803693 21911 1786454975
1786455803934 21911 1786454975
1786455804163 21911 1786454975
1786455804532 21911 1786454975
1786455804775 21911 1786454975
1786455805019 21911 1786454975
1786455805382 21911 1786454975
1786455805673 21911 1786454975
1786455806049 21911 1786454975
1786455806284 21911 1786454975
1786455806583 21911 1786454975
1786455806951 21911 1786454975
1786455807183 21911 1786454975
1786455807517 21911 1786454975
1786455807730 21911 1786454975
1786455808106 21911 1786454975
1786455808481 21911 1786454975
1786455808835 21911 1786454975
1786455809199 21911 1786454975
1786455809446 21911 1786454975
1786455809812 21911 1786454975
1786455810137 21911 1786454975
1786455810503 21911 1786454975
1786455810746 21911 1786454975
1786455811090 21911 1786454975
1786455811456 21911 1786454975
1786455811832 21911 1786454975
1786455812192 21911 1786454975
1786455812444 21911 1786454975
1786455812660 21911 1786454975
1786455812872 21911 1786454975
1786455813191 21911 1786454975
1786455813416 21911 1786454975
1786455813732 21911 1786454975
1786455814084 21911 1786454975
1786455814462 21911 1786454975
1786455814840 21911 1786454975
1786455815205 21911 1786454975
1786455815554 21911 1786454975
1786455815932 21911 1786454975
1786455816294 21911 1786454975
1786455816658 21911 1786454975
1786455817032 21911 1786454975
1786455817265 21911 1786454975
1786455817625 21911 1786454975
1786455817890 21911 1786454975
1786455818259 21911 1786454975
1786455818631 21911 1786454975
1786455818987 21911 1786454975
1786455819356 21911 1786454975
1786455819714 21911 1786454975
1786455820083 21911 1786454975
1786455820324 21911 1786454975
1786455820699 21911 1786454975
1786455821069 21911 1786454975
1786455821450 21911 1786454975
1786455821742 21911 1786454975
1786455822033 21911 1786454975
1786455822292 21911 1786454975
1786455822622 21911 1786454975
1786455822903 21911 1786454975
1786455823246 21911 1786454975
1786455823623 21911 1786454975
1786455823987 21911 1786454975
1786455824230 21911 1786454975
1786455824597 21911 1786454975
1786455824944 21911 1786454975
1786455825273 21911 1786454975
1786455825489 21911 1786454975
1786455825736 21911 1786454975
1786455826112 21911 1786454975
1786455826465 21911 1786454975
1786455826687 21911 1786454975
1786455826958 21911 1786454975
1786455827259 21911 1786454975
1786455827495 21911 1786454975
1786455827813 21911 1786454975
1786455828151 21911 1786454975
1786455828372 21911 1786454975
1786455828729 21911 1786454975
1786455829072 21911 1786454975
1786455829384 21911 1786454975
1786455829622 21911 1786454975
1786455829966 21911 1786454975
1786455830194 21911 1786454975
1786455830427 21911 1786454975
1786455830697 21911 1786454975
1786455831057 21911 1786454975
1786455831399 21911 1786454975
1786455831689 21911 1786454975
1786455832026 21911 1786454975
1786455832245 21911 1786454975
1786455832571 21911 1786454975
1786455832799 21911 1786454975
1786455833099 21911 1786454975
1786455833433 21911 1786454975
1786455833659 21911 1786454975
1786455833913 21911 1786454975
1786455834200 21911 1786454975
1786455834436 21911 1786454975
1786455834675 21911 1786454975
1786455834912 21911 1786454975
1786455835260 21911 1786454975
1786455835539 21911 1786454975
1786455835878 21911 1786454975
1786455836178 21911 1786454975
1786455836548 21911 1786454975
1786455836909 21911 1786454975
1786455837291 21911 1786454975
1786455837578 21911 1786454975
1786455837856 21911 1786454975
1786455838213 21911 1786454975
1786455838589 21911 1786454975
1786455838960 21911 1786454975
1786455839294 21911 1786454975
1786455839635 21911 1786454975
1786455839951 21911 1786454975
1786455840162 21911 1786454975
1786455840520 21911 1786454975
1786455840734 21911 1786454975
1786455840966 21911 1786454975
1786455841194 21911 1786454975
1786455841518 21911 1786454975
1786455841895 21911 1786454975
1786455842162 21911 1786454975
1786455842530 21911 1786454975
1786455842825 21911 1786454975
1786455843227 21911 1786454975
1786455843540 21911 1786454975
1786455843928 21911 1786454975
1786455844220 21911 1786454975
1786455844624 21911 1786454975
1786455844993 21911 1786454975
1786455845366 21911 1786454975
1786455845748 21911 1786454975
1786455846128 21911 1786454975
1786455846378 21911 1786454975
1786455846717 21911 1786454975
1786455847097 21911 1786454975
1786455847495 21911 1786454975
1786455847800 21911 1786454975
1786455848097 21911 1786454975
1786455848409 21911 1786454975
1786455848660 21911 1786454975
1786455849013 21911 1786454975
1786455849262 21911 1786454975
1786455849490 21911 1786454975
1786455849776 21911 1786454975
1786455850045 21911 1786454975
1786455850404 21911 1786454975
1786455850659 21911 1786454975
1786455851003 21911 1786454975
1786455851299 21911 1786454975
1786455851610 21911 1786454975
1786455851828 21911 1786454975
1786455852104 21911 1786454975
1786455852439 21911 1786454975
1786455852738 21911 1786454975
1786455853056 21911 1786454975
1786455853379 21911 1786454975
